#-----------------------------------------------------------
# Vivado v2024.1 (64-bit)
# SW Build 5076996 on Wed May 22 18:37:14 MDT 2024
# IP Build 5075265 on Wed May 22 21:45:21 MDT 2024
# SharedData Build 5076995 on Wed May 22 18:29:18 MDT 2024
# Start of session at: Mon Jan 27 16:26:57 2025
# Process ID: 15792
# Current directory: E:/IC/Mark III/Vivado/CPU
# Command line: vivado.exe -gui_launcher_event rodinguilauncherevent900 E:\IC\Mark III\Vivado\CPU\CPU.xpr
# Log file: E:/IC/Mark III/Vivado/CPU/vivado.log
# Journal file: E:/IC/Mark III/Vivado/CPU\vivado.jou
# Running On        :DESKTOP-IQB8PGC
# Platform          :Windows Server 2016 or Windows 10
# Operating System  :19045
# Processor Detail  :AMD Ryzen 5 5500U with Radeon Graphics         
# CPU Frequency     :2096 MHz
# CPU Physical cores:6
# CPU Logical cores :12
# Host memory       :12694 MB
# Swap memory       :12884 MB
# Total Virtual     :25579 MB
# Available Virtual :10909 MB
#-----------------------------------------------------------
start_gui
open_project {E:/IC/Mark III/Vivado/CPU/CPU.xpr}
update_compile_order -fileset sources_1
launch_simulation
source testbench.tcl
close_sim
